﻿[36mvite v5.4.21 [32mbuilding for production...[36m[39m
transforming...
node.exe : DEPRECATION WARNING [legacy-js-api]: The legacy JS API is 
deprecated and will be removed in Dart Sass 2.0.0.
En C:\Program Files\nodejs\npm.ps1: 29 Carácter: 3
+   & $NODE_EXE $NPM_CLI_JS $args
+   ~~~~~~~~~~~~~~~~~~~~~~~~~~~~~
    + CategoryInfo          : NotSpecified: (DEPRECATION WAR...art Sass 2.0.0. 
   :String) [], RemoteException
    + FullyQualifiedErrorId : NativeCommandError
 

More info: https://sass-lang.com/d/legacy-js-api



<--- Last few GCs --->

[8548:000001CEE88A8000]   205319 ms: Mark-Compact (reduce) 2045.6 (2085.3) -> 
2044.4 (2083.3) MB, pooled: 0 MB, 913.13 / 0.00 ms  (+ 67.4 ms in 0 steps 
since start of marking, biggest step 0.0 ms, walltime since start of marking 
987 ms) (average mu = 0.08[8548:000001CEE88A8000]   207719 ms: Mark-Compact 
2045.4 (2083.3) -> 2045.1 (2087.0) MB, pooled: 0 MB, 2399.59 / 0.00 ms  
(average mu = 0.039, current mu = 0.000) allocation failure; scavenge might 
not succeed



<--- JS stacktrace --->


FATAL ERROR: Ineffective mark-compacts near heap limit Allocation failed - 
JavaScript heap out of memory

----- Native stack trace -----


 1: 00007FF6AA4B20AD void __cdecl node::SetCppgcReference(class v8::Isolate * 
__ptr64,class v8::Local<class v8::Object>,void * __ptr64)+17245

 2: 00007FF6AA41A4D8 DSA_meth_get_flags+92376
 3: 00007FF6AAF9A1B1 private: void __cdecl 
v8::Isolate::ReportExternalAllocationLimitReached(void) __ptr64+65
 4: 00007FF6AAF87096 public: bool __cdecl 
v8::Function::Experimental_IsNopFunction(void)const __ptr64+2790

 5: 00007FF6AADD6920 protected: __cdecl 
v8::internal::StrongRootAllocatorBase::StrongRootAllocatorBase(class 
v8::Isolate * __ptr64) __ptr64+31392

 6: 00007FF6AADD0644 protected: __cdecl 
v8::internal::StrongRootAllocatorBase::StrongRootAllocatorBase(class 
v8::Isolate * __ptr64) __ptr64+6084

 7: 00007FF6AADCBCF5 public: unsigned __int64 __cdecl 
v8::internal::ThreadIsolation::JitPageReference::Size(void)const __ptr64+188069

 8: 00007FF6AA7513BD BIO_ssl_shutdown+189

